// Jest Snapshot v1, https://goo.gl/fbAQLP

exports[`Title renders the Titles children 1`] = `ShallowWrapper {}`;
